PASS schema.idempotent-version-indexes-wal
PASS schema.unknown-version-failclosed
PASS claim.atomic-history-pity-lock-zero-statistics
PASS claim.stale-pity-rolls-back-all-new-rows
PASS claim.no-hook-cannot-drop-pity
PASS claim.duplicate-does-not-duplicate-history
PASS claim.second-quote-same-player-is-busy
PASS settlement.history-at-every-cas-win
PASS settlement.history-at-every-cas-loss
PASS settlement.repeated-cas-does-not-increment-twice
PASS settlement.failures-increment-win-resets
PASS settlement.expired-abort-not-loss-or-pity
PASS settlement.uncertain-pending-loss-keeps-lock-no-stat
PASS atomic.hook-error-after-counters-rolls-back-unlock-event-all
PASS atomic.pity-changed-during-attempt-refuses-completion
PASS atomic.completion-tombstone-conflict-rolls-back
PASS atomic.history-predecessor-mismatch-refuses-cas
PASS atomic.lost-commit-ack-readback-no-double-count
PASS read.absent-row-zero-but-missing-table-error
PASS read.malformed-statistics-not-zero
PASS read.keyset-owner-filter-pagination
PASS read.corrupt-outcome-does-not-render-success
PASS retention.bounded-terminal-only-keeps-tombstones
PASS backfill.history-only-no-stats-pity-or-tombstone
PASS backfill.never-overwrites-live-newer-projection
PASS hook.requires-owned-transaction-and-initializer-does-not-nest
PASS legacy.add-hook-on-next-transition-no-plan-rewrite
PASS reopen.pity-stats-and-journal-bytes-survive
PASS concurrency.separate-connections-one-player-one-claim
PASS process-exit.before-terminal-commit
PASS process-exit.after-terminal-commit
SQLITE_BRIDGE_RESULT tests=31 assertions=535 failures=0
