PASS verify.empty-db-does-not-create
PASS initialize.twelve-tables-four-named-indexes
PASS initialize.idempotent-does-not-clear-data
PASS verify.works-on-query-only-connection
PASS initialize.readonly-db-cannot-be-labelled-ready
PASS schema.borrowed-transaction-not-committed
PASS schema.off-never-initializes
PASS schema.all-versions-preflight-before-any-create
PASS schema.fractional-version-never-truncated-to-one
PASS schema.unknown-component-id-not-relabelled
PASS schema.versioned-table-loss-not-empty-replacement
PASS schema.unversioned-populated-component-not-blessed
PASS schema.partial-empty-install-can-retry
PASS schema.missing-index-verify-fails-initialize-adds
PASS schema.wrong-index-order-not-dropped-or-replaced
PASS schema.missing-column-rejected-before-version-write
PASS schema.primary-key-required
PASS schema.unique-idempotency-key-required
PASS schema.partial-unique-index-is-not-global-guard
PASS schema.view-cannot-replace-table
PASS schema.metadata-pattern-escaped-and-exact
PASS bundle.journal-always-has-progress-hook
PASS recovery.bounded-pages-without-duplicate-rows
PASS recovery.never-reads-item-payloads
PASS recovery.missing-lock-is-visible-not-repaired
PASS recovery.conflicting-lock-is-visible-not-replaced
PASS recovery.completed-excluded-unfinished-stays
PASS recovery.unknown-state-fails-not-empty
PASS recovery.page-input-bounds
PASS retention.one-batch-terminal-history-only
PASS retention.bad-terminal-flag-does-not-delete-active-state
PASS retention.completed-counters-survive-history-expiry
PASS retention.keeps-reconciliation-even-if-terminal-flag-poisoned
SQLITE_RESULT tests=33 assertions=183 failures=0 mode=TEST_ONLY_PYTHON_BRIDGE
